>>> add_integer = __import__('0-add_integer').add_integer

# Basic tests with integers
>>> add_integer(1, 2)
3
>>> add_integer(100)
198

# Tests with floats
>>> add_integer(100.3, -2)
98
>>> add_integer(2.5)
100

# Error tests with invalid types
>>> add_integer("School", 4)
Traceback (most recent call last):
    ...
TypeError: a must be an integer
>>> add_integer(4, "School")
Traceback (most recent call last):
    ...
TypeError: b must be an integer

# Error test with no arguments
>>> add_integer()
Traceback (most recent call last):
    ...
TypeError: add_integer() missing 1 required positional argument: 'a'

# Test with a very large number
>>> add_integer(2147483647, 1)
2147483648
